---
source: tui/src/history_cell.rs
assertion_line: 1540
expression: rendered
---
/mcp

ðŸ”Œ  MCP Tools

  â€¢ docs
    â€¢ Status: enabled
    â€¢ Auth: Unsupported
    â€¢ Command: docs-server
    â€¢ Env: TOKEN=*****, APP_TOKEN=*****
    â€¢ Tools: list
    â€¢ Resources: (none)
    â€¢ Resource templates: (none)

  â€¢ http
    â€¢ Status: enabled
    â€¢ Auth: Unsupported
    â€¢ URL: https://example.com/mcp
    â€¢ HTTP headers: Authorization=*****
    â€¢ Env HTTP headers: X-API-Key=API_KEY_ENV
    â€¢ Tools: ping
    â€¢ Resources: (none)
    â€¢ Resource templates: (none)
