---
source: tui/src/bottom_pane/feedback_view.rs
expression: rendered
---
▌ Tell us more (good result)
▌
▌ (optional) Write a short description to help us further

Press enter to confirm or esc to go back
