---
source: tui/src/chatwidget/tests.rs
expression: popup
---
  Upload logs?

  The following files will be sent:
    • codex-logs.log

› 1. Yes  Share the current Codex session logs with the team for
          troubleshooting.
  2. No

  Press enter to confirm or esc to go back
