---
source: tui/src/chatwidget/tests.rs
expression: last
---
â–  Conversation interrupted - tell the model what to do differently. Something went wrong? Hit `/feedback` to report the issue.
