---
source: tui/src/chatwidget/tests.rs
expression: popup
---
  How was this?

› 1. bug          Crash, error message, hang, or broken UI/behavior.
  2. bad result   Output was off-target, incorrect, incomplete, or unhelpful.
  3. good result  Helpful, correct, high‑quality, or delightful result worth
                  celebrating.
  4. other        Slowness, feature suggestion, UX feedback, or anything else.
